// Jest Snapshot v1, https://goo.gl/fbAQLP

exports[`Utils index functions Function md5 1`] = `"5c88ff8f2556d586ca047330b4b561a4"`;
